// Jest Snapshot v1, https://goo.gl/fbAQLP

exports[`Testing components Test RoundedButton, matches snapshot 1`] = `
<View
  accessibilityState={
    {
      "busy": undefined,
      "checked": undefined,
      "disabled": undefined,
      "expanded": undefined,
      "selected": undefined,
    }
  }
  accessibilityValue={
    {
      "max": undefined,
      "min": undefined,
      "now": undefined,
      "text": undefined,
    }
  }
  accessible={true}
  collapsable={false}
  focusable={true}
  onClick={[Function]}
  onResponderGrant={[Function]}
  onResponderMove={[Function]}
  onResponderRelease={[Function]}
  onResponderTerminate={[Function]}
  onResponderTerminationRequest={[Function]}
  onStartShouldSetResponder={[Function]}
  style={
    {
      "alignItems": "center",
      "backgroundColor": "#053095",
      "borderRadius": 16,
      "height": 40,
      "justifyContent": "center",
      "opacity": 1,
      "width": 100,
    }
  }
  testID="rounded-button"
>
  <Text
    style={
      {
        "color": "#FFFFFF",
        "textAlign": "center",
      }
    }
  >
    Submit
  </Text>
</View>
`;
